../Core/Src/ai_preprocess.c:208:13:append_cycle_sample	8	static
../Core/Src/ai_preprocess.c:67:13:resample_cycle	12	static
../Core/Src/ai_preprocess.c:181:13:store_resampled_cycle	840	static
../Core/Src/ai_preprocess.c:252:6:AiPreprocess_Init	16	static,ignoring_inline_asm
../Core/Src/ai_preprocess.c:277:6:AiPreprocess_PushRecord	12	static,ignoring_inline_asm
../Core/Src/ai_preprocess.c:301:6:AiPreprocess_Service	32	static,ignoring_inline_asm
../Core/Src/ai_preprocess.c:323:9:AiPreprocess_TakeLatestFrame	12	static,ignoring_inline_asm
../Core/Src/ai_preprocess.c:344:10:AiPreprocess_GetFrameCount	0	static,ignoring_inline_asm
