../Core/Src/bl0940_driver.c:94:13:WriteRegister	32	static
../Core/Src/bl0940_driver.c:65:7:bl0940_convert_current_wave	0	static
../Core/Src/bl0940_driver.c:77:7:bl0940_convert_voltage_wave	0	static
../Core/Src/bl0940_driver.c:103:6:SetNoLoadThreshold	0	static
../Core/Src/bl0940_driver.c:107:6:BL0940_SetFrequency	32	static
../Core/Src/bl0940_driver.c:118:6:BL0940_SetUpdateRate	32	static
../Core/Src/bl0940_driver.c:129:6:BL0940_CheckConfig	96	static
../Core/Src/bl0940_driver.c:142:6:BL0940_Reset	0	static
../Core/Src/bl0940_driver.c:146:6:BL0940_TimerInit	0	static
../Core/Src/bl0940_driver.c:150:6:SensorBuffer_SendToUSB_Binary	48	static
../Core/Src/bl0940_driver.c:183:6:SensorBuffer_SendToUSB_Binary_Time	40	static
../Core/Src/bl0940_driver.c:213:6:BL0940_Request	0	static
../Core/Src/bl0940_driver.c:220:6:HAL_TIM_PeriodElapsedCallback	8	static
../Core/Src/bl0940_driver.c:232:6:HAL_SPI_TxRxCpltCallback	56	static
../Core/Src/bl0940_driver.c:322:6:BL0940_Init	8	static
../Core/Src/bl0940_driver.c:334:5:getActivePowerRaw	32	static
../Core/Src/bl0940_driver.c:361:5:BL0940_CheckSensorDirection	24	static
