../Core/Src/bl0940_driver.c:91:13:WriteRegister	32	static
../Core/Src/bl0940_driver.c:100:6:SetNoLoadThreshold	0	static
../Core/Src/bl0940_driver.c:104:6:BL0940_SetFrequency	32	static
../Core/Src/bl0940_driver.c:115:6:BL0940_SetUpdateRate	32	static
../Core/Src/bl0940_driver.c:126:6:BL0940_CheckConfig	96	static
../Core/Src/bl0940_driver.c:139:6:BL0940_Reset	0	static
../Core/Src/bl0940_driver.c:143:6:BL0940_TimerInit	0	static
../Core/Src/bl0940_driver.c:147:6:SensorBuffer_SendToUSB_Binary	56	static
../Core/Src/bl0940_driver.c:180:6:SensorBuffer_SendToUSB_Binary_Time	56	static
../Core/Src/bl0940_driver.c:255:6:BL0940_Request	0	static
../Core/Src/bl0940_driver.c:262:6:HAL_TIM_PeriodElapsedCallback	8	static
../Core/Src/bl0940_driver.c:274:6:HAL_SPI_TxRxCpltCallback	56	static
../Core/Src/bl0940_driver.c:365:6:BL0940_Init	8	static
../Core/Src/bl0940_driver.c:377:5:getActivePowerRaw	32	static
../Core/Src/bl0940_driver.c:404:5:BL0940_CheckSensorDirection	24	static
