../Core/Src/stm32h5xx_hal_msp.c:63:6:HAL_MspInit	0	static
../Core/Src/stm32h5xx_hal_msp.c:83:6:HAL_RTC_MspInit	280	static
../Core/Src/stm32h5xx_hal_msp.c:118:6:HAL_RTC_MspDeInit	0	static
../Core/Src/stm32h5xx_hal_msp.c:141:6:HAL_SPI_MspInit	304	static
../Core/Src/stm32h5xx_hal_msp.c:203:6:HAL_SPI_MspDeInit	8	static
../Core/Src/stm32h5xx_hal_msp.c:235:6:HAL_TIM_Base_MspInit	16	static
../Core/Src/stm32h5xx_hal_msp.c:261:6:HAL_TIM_Base_MspDeInit	0	static
../Core/Src/stm32h5xx_hal_msp.c:286:6:HAL_UART_MspInit	304	static
../Core/Src/stm32h5xx_hal_msp.c:333:6:HAL_UART_MspDeInit	0	static
../Core/Src/stm32h5xx_hal_msp.c:361:6:HAL_PCD_MspInit	280	static
../Core/Src/stm32h5xx_hal_msp.c:400:6:HAL_PCD_MspDeInit	0	static
