../Drivers/STM32H5xx_HAL_Driver/Src/stm32h5xx_ll_usb.c:2350:19:USB_CoreInit	8	static
../Drivers/STM32H5xx_HAL_Driver/Src/stm32h5xx_ll_usb.c:2375:19:USB_EnableGlobalInt	0	static
../Drivers/STM32H5xx_HAL_Driver/Src/stm32h5xx_ll_usb.c:2400:19:USB_DisableGlobalInt	0	static
../Drivers/STM32H5xx_HAL_Driver/Src/stm32h5xx_ll_usb.c:2424:19:USB_SetCurrentMode	0	static
../Drivers/STM32H5xx_HAL_Driver/Src/stm32h5xx_ll_usb.c:2450:19:USB_DevInit	8	static
../Drivers/STM32H5xx_HAL_Driver/Src/stm32h5xx_ll_usb.c:2480:19:USB_FlushTxFifo	0	static
../Drivers/STM32H5xx_HAL_Driver/Src/stm32h5xx_ll_usb.c:2499:19:USB_FlushRxFifo	0	static
../Drivers/STM32H5xx_HAL_Driver/Src/stm32h5xx_ll_usb.c:2520:19:USB_ActivateEndpoint	24	static
../Drivers/STM32H5xx_HAL_Driver/Src/stm32h5xx_ll_usb.c:2657:19:USB_DeactivateEndpoint	12	static
../Drivers/STM32H5xx_HAL_Driver/Src/stm32h5xx_ll_usb.c:2930:19:USB_EPSetStall	0	static
../Drivers/STM32H5xx_HAL_Driver/Src/stm32h5xx_ll_usb.c:2950:19:USB_EPClearStall	8	static
../Drivers/STM32H5xx_HAL_Driver/Src/stm32h5xx_ll_usb.c:2979:19:USB_EPStopXfer	0	static
../Drivers/STM32H5xx_HAL_Driver/Src/stm32h5xx_ll_usb.c:3024:19:USB_StopDevice	0	static
../Drivers/STM32H5xx_HAL_Driver/Src/stm32h5xx_ll_usb.c:3045:20:USB_SetDevAddress	0	static
../Drivers/STM32H5xx_HAL_Driver/Src/stm32h5xx_ll_usb.c:3061:20:USB_DevConnect	0	static
../Drivers/STM32H5xx_HAL_Driver/Src/stm32h5xx_ll_usb.c:3074:20:USB_DevDisconnect	0	static
../Drivers/STM32H5xx_HAL_Driver/Src/stm32h5xx_ll_usb.c:3087:10:USB_ReadInterrupts	0	static
../Drivers/STM32H5xx_HAL_Driver/Src/stm32h5xx_ll_usb.c:3100:19:USB_ActivateRemoteWakeup	0	static
../Drivers/STM32H5xx_HAL_Driver/Src/stm32h5xx_ll_usb.c:3112:19:USB_DeActivateRemoteWakeup	0	static
../Drivers/STM32H5xx_HAL_Driver/Src/stm32h5xx_ll_usb.c:3127:6:USB_WritePMA	20	static
../Drivers/STM32H5xx_HAL_Driver/Src/stm32h5xx_ll_usb.c:2716:19:USB_EPStartXfer	24	static
../Drivers/STM32H5xx_HAL_Driver/Src/stm32h5xx_ll_usb.c:3184:6:USB_ReadPMA	16	static
../Drivers/STM32H5xx_HAL_Driver/Src/stm32h5xx_ll_usb.c:3244:19:USB_HostInit	8	static
../Drivers/STM32H5xx_HAL_Driver/Src/stm32h5xx_ll_usb.c:3278:19:USB_ResetPort	8	static
../Drivers/STM32H5xx_HAL_Driver/Src/stm32h5xx_ll_usb.c:3298:10:USB_GetHostSpeed	0	static
../Drivers/STM32H5xx_HAL_Driver/Src/stm32h5xx_ll_usb.c:3315:10:USB_GetCurrentFrame	0	static
../Drivers/STM32H5xx_HAL_Driver/Src/stm32h5xx_ll_usb.c:3327:19:USB_HC_DoubleBuffer	8	static
../Drivers/STM32H5xx_HAL_Driver/Src/stm32h5xx_ll_usb.c:3370:19:USB_HC_Init	16	static
../Drivers/STM32H5xx_HAL_Driver/Src/stm32h5xx_ll_usb.c:3441:19:USB_HC_StartXfer	32	static
../Drivers/STM32H5xx_HAL_Driver/Src/stm32h5xx_ll_usb.c:3679:19:USB_HC_IN_Halt	0	static
../Drivers/STM32H5xx_HAL_Driver/Src/stm32h5xx_ll_usb.c:3695:19:USB_HC_OUT_Halt	0	static
../Drivers/STM32H5xx_HAL_Driver/Src/stm32h5xx_ll_usb.c:3708:19:USB_StopHost	0	static
